2026-09-27 22:57:31,013 [PID 15944] DEBUG Using proactor: IocpProactor
2026-09-27 22:57:31,019 [PID 15944] INFO Reading Pyre server configurations...
2026-09-27 22:57:31,051 [PID 15944] ERROR Uncaught error in persistent.run
Traceback (most recent call last):
  File "C:\Users\Esteban\AppData\Local\nvim-data\mason\packages\pyre\venv\Lib\site-packages\pyre_check\client\commands\persistent.py", line 299, in run
    return asyncio.get_event_loop().run_until_complete(
           ~~~~~~~~~~~~~~~~~~~~~~~~~~~~~~~~~~~~~~~~~~~^
        run_persistent(
        ^^^^^^^^^^^^^^^
    ...<2 lines>...
        )
        ^
    )
    ^
  File "C:\Users\Esteban\AppData\Local\Programs\Python\Python313\Lib\asyncio\base_events.py", line 726, in run_until_complete
    return future.result()
           ~~~~~~~~~~~~~^^
  File "C:\Users\Esteban\AppData\Local\nvim-data\mason\packages\pyre\venv\Lib\site-packages\pyre_check\client\commands\persistent.py", line 224, in run_persistent
    initial_server_options = pyre_server_options.read_server_options(
        server_options_reader, remote_logging
    )
  File "C:\Users\Esteban\AppData\Local\nvim-data\mason\packages\pyre\venv\Lib\site-packages\pyre_check\client\commands\pyre_server_options.py", line 129, in read_server_options
    return server_options_reader()
  File "C:\Users\Esteban\AppData\Local\nvim-data\mason\packages\pyre\venv\Lib\site-packages\pyre_check\client\commands\pyre_server_options.py", line 114, in read
    return PyreServerOptions.create(
           ~~~~~~~~~~~~~~~~~~~~~~~~^
        start_command_argument=start_command_argument,
        ^^^^^^^^^^^^^^^^^^^^^^^^^^^^^^^^^^^^^^^^^^^^^^
        configuration=read_frontend_configuration(),
        ^^^^^^^^^^^^^^^^^^^^^^^^^^^^^^^^^^^^^^^^^^^^
        language_server_features=language_server_features,
        ^^^^^^^^^^^^^^^^^^^^^^^^^^^^^^^^^^^^^^^^^^^^^^^^^^
    )
    ^
  File "C:\Users\Esteban\AppData\Local\nvim-data\mason\packages\pyre\venv\Lib\site-packages\pyre_check\client\commands\pyre_server_options.py", line 93, in create
    start_arguments = start.create_server_arguments(
        configuration,
        start_command_argument,
        False,  # kill_buck_after_build
    )
  File "C:\Users\Esteban\AppData\Local\nvim-data\mason\packages\pyre\venv\Lib\site-packages\pyre_check\client\commands\start.py", line 311, in create_server_arguments
    source_paths = backend_arguments.get_source_path_for_server(
        configuration,
    ...<3 lines>...
        watchman_root,
    )
  File "C:\Users\Esteban\AppData\Local\nvim-data\mason\packages\pyre\venv\Lib\site-packages\pyre_check\client\backend_arguments.py", line 418, in get_source_path_for_server
    return get_source_path(
        configuration,
    ...<4 lines>...
        watchman_root,
    )
  File "C:\Users\Esteban\AppData\Local\nvim-data\mason\packages\pyre\venv\Lib\site-packages\pyre_check\client\backend_arguments.py", line 397, in get_source_path
    raise configuration_module.InvalidConfiguration(
    ...<2 lines>...
    )
pyre_check.client.configuration.exceptions.InvalidConfiguration: Invalid configuration: Cannot find any source files to analyze. Either `source_directories` or `targets` must be specified.
2026-09-27 22:59:00,142 [PID 16376] DEBUG Using proactor: IocpProactor
2026-09-27 22:59:00,155 [PID 16376] INFO Reading Pyre server configurations...
2026-09-27 22:59:00,164 [PID 16376] ERROR Uncaught error in persistent.run
Traceback (most recent call last):
  File "C:\Users\Esteban\AppData\Local\nvim-data\mason\packages\pyre\venv\Lib\site-packages\pyre_check\client\commands\persistent.py", line 299, in run
    return asyncio.get_event_loop().run_until_complete(
           ~~~~~~~~~~~~~~~~~~~~~~~~~~~~~~~~~~~~~~~~~~~^
        run_persistent(
        ^^^^^^^^^^^^^^^
    ...<2 lines>...
        )
        ^
    )
    ^
  File "C:\Users\Esteban\AppData\Local\Programs\Python\Python313\Lib\asyncio\base_events.py", line 726, in run_until_complete
    return future.result()
           ~~~~~~~~~~~~~^^
  File "C:\Users\Esteban\AppData\Local\nvim-data\mason\packages\pyre\venv\Lib\site-packages\pyre_check\client\commands\persistent.py", line 224, in run_persistent
    initial_server_options = pyre_server_options.read_server_options(
        server_options_reader, remote_logging
    )
  File "C:\Users\Esteban\AppData\Local\nvim-data\mason\packages\pyre\venv\Lib\site-packages\pyre_check\client\commands\pyre_server_options.py", line 129, in read_server_options
    return server_options_reader()
  File "C:\Users\Esteban\AppData\Local\nvim-data\mason\packages\pyre\venv\Lib\site-packages\pyre_check\client\commands\pyre_server_options.py", line 114, in read
    return PyreServerOptions.create(
           ~~~~~~~~~~~~~~~~~~~~~~~~^
        start_command_argument=start_command_argument,
        ^^^^^^^^^^^^^^^^^^^^^^^^^^^^^^^^^^^^^^^^^^^^^^
        configuration=read_frontend_configuration(),
        ^^^^^^^^^^^^^^^^^^^^^^^^^^^^^^^^^^^^^^^^^^^^
        language_server_features=language_server_features,
        ^^^^^^^^^^^^^^^^^^^^^^^^^^^^^^^^^^^^^^^^^^^^^^^^^^
    )
    ^
  File "C:\Users\Esteban\AppData\Local\nvim-data\mason\packages\pyre\venv\Lib\site-packages\pyre_check\client\commands\pyre_server_options.py", line 93, in create
    start_arguments = start.create_server_arguments(
        configuration,
        start_command_argument,
        False,  # kill_buck_after_build
    )
  File "C:\Users\Esteban\AppData\Local\nvim-data\mason\packages\pyre\venv\Lib\site-packages\pyre_check\client\commands\start.py", line 311, in create_server_arguments
    source_paths = backend_arguments.get_source_path_for_server(
        configuration,
    ...<3 lines>...
        watchman_root,
    )
  File "C:\Users\Esteban\AppData\Local\nvim-data\mason\packages\pyre\venv\Lib\site-packages\pyre_check\client\backend_arguments.py", line 418, in get_source_path_for_server
    return get_source_path(
        configuration,
    ...<4 lines>...
        watchman_root,
    )
  File "C:\Users\Esteban\AppData\Local\nvim-data\mason\packages\pyre\venv\Lib\site-packages\pyre_check\client\backend_arguments.py", line 397, in get_source_path
    raise configuration_module.InvalidConfiguration(
    ...<2 lines>...
    )
pyre_check.client.configuration.exceptions.InvalidConfiguration: Invalid configuration: Cannot find any source files to analyze. Either `source_directories` or `targets` must be specified.
2026-09-27 23:32:21,798 [PID 23480] DEBUG Using proactor: IocpProactor
2026-09-27 23:32:21,803 [PID 23480] INFO Reading Pyre server configurations...
2026-09-27 23:32:21,810 [PID 23480] ERROR Uncaught error in persistent.run
Traceback (most recent call last):
  File "C:\Users\Esteban\AppData\Local\nvim-data\mason\packages\pyre\venv\Lib\site-packages\pyre_check\client\commands\persistent.py", line 299, in run
    return asyncio.get_event_loop().run_until_complete(
           ~~~~~~~~~~~~~~~~~~~~~~~~~~~~~~~~~~~~~~~~~~~^
        run_persistent(
        ^^^^^^^^^^^^^^^
    ...<2 lines>...
        )
        ^
    )
    ^
  File "C:\Users\Esteban\AppData\Local\Programs\Python\Python313\Lib\asyncio\base_events.py", line 726, in run_until_complete
    return future.result()
           ~~~~~~~~~~~~~^^
  File "C:\Users\Esteban\AppData\Local\nvim-data\mason\packages\pyre\venv\Lib\site-packages\pyre_check\client\commands\persistent.py", line 224, in run_persistent
    initial_server_options = pyre_server_options.read_server_options(
        server_options_reader, remote_logging
    )
  File "C:\Users\Esteban\AppData\Local\nvim-data\mason\packages\pyre\venv\Lib\site-packages\pyre_check\client\commands\pyre_server_options.py", line 129, in read_server_options
    return server_options_reader()
  File "C:\Users\Esteban\AppData\Local\nvim-data\mason\packages\pyre\venv\Lib\site-packages\pyre_check\client\commands\pyre_server_options.py", line 114, in read
    return PyreServerOptions.create(
           ~~~~~~~~~~~~~~~~~~~~~~~~^
        start_command_argument=start_command_argument,
        ^^^^^^^^^^^^^^^^^^^^^^^^^^^^^^^^^^^^^^^^^^^^^^
        configuration=read_frontend_configuration(),
        ^^^^^^^^^^^^^^^^^^^^^^^^^^^^^^^^^^^^^^^^^^^^
        language_server_features=language_server_features,
        ^^^^^^^^^^^^^^^^^^^^^^^^^^^^^^^^^^^^^^^^^^^^^^^^^^
    )
    ^
  File "C:\Users\Esteban\AppData\Local\nvim-data\mason\packages\pyre\venv\Lib\site-packages\pyre_check\client\commands\pyre_server_options.py", line 93, in create
    start_arguments = start.create_server_arguments(
        configuration,
        start_command_argument,
        False,  # kill_buck_after_build
    )
  File "C:\Users\Esteban\AppData\Local\nvim-data\mason\packages\pyre\venv\Lib\site-packages\pyre_check\client\commands\start.py", line 311, in create_server_arguments
    source_paths = backend_arguments.get_source_path_for_server(
        configuration,
    ...<3 lines>...
        watchman_root,
    )
  File "C:\Users\Esteban\AppData\Local\nvim-data\mason\packages\pyre\venv\Lib\site-packages\pyre_check\client\backend_arguments.py", line 418, in get_source_path_for_server
    return get_source_path(
        configuration,
    ...<4 lines>...
        watchman_root,
    )
  File "C:\Users\Esteban\AppData\Local\nvim-data\mason\packages\pyre\venv\Lib\site-packages\pyre_check\client\backend_arguments.py", line 397, in get_source_path
    raise configuration_module.InvalidConfiguration(
    ...<2 lines>...
    )
pyre_check.client.configuration.exceptions.InvalidConfiguration: Invalid configuration: Cannot find any source files to analyze. Either `source_directories` or `targets` must be specified.
2026-09-28 01:49:28,644 [PID 27416] DEBUG Using proactor: IocpProactor
2026-09-28 01:49:28,645 [PID 27416] INFO Reading Pyre server configurations...
2026-09-28 01:49:28,673 [PID 27416] ERROR Uncaught error in persistent.run
Traceback (most recent call last):
  File "C:\Users\Esteban\AppData\Local\nvim-data\mason\packages\pyre\venv\Lib\site-packages\pyre_check\client\commands\persistent.py", line 299, in run
    return asyncio.get_event_loop().run_until_complete(
           ~~~~~~~~~~~~~~~~~~~~~~~~~~~~~~~~~~~~~~~~~~~^
        run_persistent(
        ^^^^^^^^^^^^^^^
    ...<2 lines>...
        )
        ^
    )
    ^
  File "C:\Users\Esteban\AppData\Local\Programs\Python\Python313\Lib\asyncio\base_events.py", line 726, in run_until_complete
    return future.result()
           ~~~~~~~~~~~~~^^
  File "C:\Users\Esteban\AppData\Local\nvim-data\mason\packages\pyre\venv\Lib\site-packages\pyre_check\client\commands\persistent.py", line 224, in run_persistent
    initial_server_options = pyre_server_options.read_server_options(
        server_options_reader, remote_logging
    )
  File "C:\Users\Esteban\AppData\Local\nvim-data\mason\packages\pyre\venv\Lib\site-packages\pyre_check\client\commands\pyre_server_options.py", line 129, in read_server_options
    return server_options_reader()
  File "C:\Users\Esteban\AppData\Local\nvim-data\mason\packages\pyre\venv\Lib\site-packages\pyre_check\client\commands\pyre_server_options.py", line 114, in read
    return PyreServerOptions.create(
           ~~~~~~~~~~~~~~~~~~~~~~~~^
        start_command_argument=start_command_argument,
        ^^^^^^^^^^^^^^^^^^^^^^^^^^^^^^^^^^^^^^^^^^^^^^
        configuration=read_frontend_configuration(),
        ^^^^^^^^^^^^^^^^^^^^^^^^^^^^^^^^^^^^^^^^^^^^
        language_server_features=language_server_features,
        ^^^^^^^^^^^^^^^^^^^^^^^^^^^^^^^^^^^^^^^^^^^^^^^^^^
    )
    ^
  File "C:\Users\Esteban\AppData\Local\nvim-data\mason\packages\pyre\venv\Lib\site-packages\pyre_check\client\commands\pyre_server_options.py", line 93, in create
    start_arguments = start.create_server_arguments(
        configuration,
        start_command_argument,
        False,  # kill_buck_after_build
    )
  File "C:\Users\Esteban\AppData\Local\nvim-data\mason\packages\pyre\venv\Lib\site-packages\pyre_check\client\commands\start.py", line 311, in create_server_arguments
    source_paths = backend_arguments.get_source_path_for_server(
        configuration,
    ...<3 lines>...
        watchman_root,
    )
  File "C:\Users\Esteban\AppData\Local\nvim-data\mason\packages\pyre\venv\Lib\site-packages\pyre_check\client\backend_arguments.py", line 418, in get_source_path_for_server
    return get_source_path(
        configuration,
    ...<4 lines>...
        watchman_root,
    )
  File "C:\Users\Esteban\AppData\Local\nvim-data\mason\packages\pyre\venv\Lib\site-packages\pyre_check\client\backend_arguments.py", line 397, in get_source_path
    raise configuration_module.InvalidConfiguration(
    ...<2 lines>...
    )
pyre_check.client.configuration.exceptions.InvalidConfiguration: Invalid configuration: Cannot find any source files to analyze. Either `source_directories` or `targets` must be specified.
2026-09-28 02:21:43,749 [PID 28840] DEBUG Using proactor: IocpProactor
2026-09-28 02:21:43,750 [PID 28840] INFO Reading Pyre server configurations...
2026-09-28 02:21:43,758 [PID 28840] ERROR Uncaught error in persistent.run
Traceback (most recent call last):
  File "C:\Users\Esteban\AppData\Local\nvim-data\mason\packages\pyre\venv\Lib\site-packages\pyre_check\client\commands\persistent.py", line 299, in run
    return asyncio.get_event_loop().run_until_complete(
           ~~~~~~~~~~~~~~~~~~~~~~~~~~~~~~~~~~~~~~~~~~~^
        run_persistent(
        ^^^^^^^^^^^^^^^
    ...<2 lines>...
        )
        ^
    )
    ^
  File "C:\Users\Esteban\AppData\Local\Programs\Python\Python313\Lib\asyncio\base_events.py", line 726, in run_until_complete
    return future.result()
           ~~~~~~~~~~~~~^^
  File "C:\Users\Esteban\AppData\Local\nvim-data\mason\packages\pyre\venv\Lib\site-packages\pyre_check\client\commands\persistent.py", line 224, in run_persistent
    initial_server_options = pyre_server_options.read_server_options(
        server_options_reader, remote_logging
    )
  File "C:\Users\Esteban\AppData\Local\nvim-data\mason\packages\pyre\venv\Lib\site-packages\pyre_check\client\commands\pyre_server_options.py", line 129, in read_server_options
    return server_options_reader()
  File "C:\Users\Esteban\AppData\Local\nvim-data\mason\packages\pyre\venv\Lib\site-packages\pyre_check\client\commands\pyre_server_options.py", line 114, in read
    return PyreServerOptions.create(
           ~~~~~~~~~~~~~~~~~~~~~~~~^
        start_command_argument=start_command_argument,
        ^^^^^^^^^^^^^^^^^^^^^^^^^^^^^^^^^^^^^^^^^^^^^^
        configuration=read_frontend_configuration(),
        ^^^^^^^^^^^^^^^^^^^^^^^^^^^^^^^^^^^^^^^^^^^^
        language_server_features=language_server_features,
        ^^^^^^^^^^^^^^^^^^^^^^^^^^^^^^^^^^^^^^^^^^^^^^^^^^
    )
    ^
  File "C:\Users\Esteban\AppData\Local\nvim-data\mason\packages\pyre\venv\Lib\site-packages\pyre_check\client\commands\pyre_server_options.py", line 93, in create
    start_arguments = start.create_server_arguments(
        configuration,
        start_command_argument,
        False,  # kill_buck_after_build
    )
  File "C:\Users\Esteban\AppData\Local\nvim-data\mason\packages\pyre\venv\Lib\site-packages\pyre_check\client\commands\start.py", line 311, in create_server_arguments
    source_paths = backend_arguments.get_source_path_for_server(
        configuration,
    ...<3 lines>...
        watchman_root,
    )
  File "C:\Users\Esteban\AppData\Local\nvim-data\mason\packages\pyre\venv\Lib\site-packages\pyre_check\client\backend_arguments.py", line 418, in get_source_path_for_server
    return get_source_path(
        configuration,
    ...<4 lines>...
        watchman_root,
    )
  File "C:\Users\Esteban\AppData\Local\nvim-data\mason\packages\pyre\venv\Lib\site-packages\pyre_check\client\backend_arguments.py", line 397, in get_source_path
    raise configuration_module.InvalidConfiguration(
    ...<2 lines>...
    )
pyre_check.client.configuration.exceptions.InvalidConfiguration: Invalid configuration: Cannot find any source files to analyze. Either `source_directories` or `targets` must be specified.
2026-09-28 02:21:45,874 [PID 22184] DEBUG Using proactor: IocpProactor
2026-09-28 02:21:45,876 [PID 22184] INFO Reading Pyre server configurations...
2026-09-28 02:21:45,883 [PID 22184] ERROR Uncaught error in persistent.run
Traceback (most recent call last):
  File "C:\Users\Esteban\AppData\Local\nvim-data\mason\packages\pyre\venv\Lib\site-packages\pyre_check\client\commands\persistent.py", line 299, in run
    return asyncio.get_event_loop().run_until_complete(
           ~~~~~~~~~~~~~~~~~~~~~~~~~~~~~~~~~~~~~~~~~~~^
        run_persistent(
        ^^^^^^^^^^^^^^^
    ...<2 lines>...
        )
        ^
    )
    ^
  File "C:\Users\Esteban\AppData\Local\Programs\Python\Python313\Lib\asyncio\base_events.py", line 726, in run_until_complete
    return future.result()
           ~~~~~~~~~~~~~^^
  File "C:\Users\Esteban\AppData\Local\nvim-data\mason\packages\pyre\venv\Lib\site-packages\pyre_check\client\commands\persistent.py", line 224, in run_persistent
    initial_server_options = pyre_server_options.read_server_options(
        server_options_reader, remote_logging
    )
  File "C:\Users\Esteban\AppData\Local\nvim-data\mason\packages\pyre\venv\Lib\site-packages\pyre_check\client\commands\pyre_server_options.py", line 129, in read_server_options
    return server_options_reader()
  File "C:\Users\Esteban\AppData\Local\nvim-data\mason\packages\pyre\venv\Lib\site-packages\pyre_check\client\commands\pyre_server_options.py", line 114, in read
    return PyreServerOptions.create(
           ~~~~~~~~~~~~~~~~~~~~~~~~^
        start_command_argument=start_command_argument,
        ^^^^^^^^^^^^^^^^^^^^^^^^^^^^^^^^^^^^^^^^^^^^^^
        configuration=read_frontend_configuration(),
        ^^^^^^^^^^^^^^^^^^^^^^^^^^^^^^^^^^^^^^^^^^^^
        language_server_features=language_server_features,
        ^^^^^^^^^^^^^^^^^^^^^^^^^^^^^^^^^^^^^^^^^^^^^^^^^^
    )
    ^
  File "C:\Users\Esteban\AppData\Local\nvim-data\mason\packages\pyre\venv\Lib\site-packages\pyre_check\client\commands\pyre_server_options.py", line 93, in create
    start_arguments = start.create_server_arguments(
        configuration,
        start_command_argument,
        False,  # kill_buck_after_build
    )
  File "C:\Users\Esteban\AppData\Local\nvim-data\mason\packages\pyre\venv\Lib\site-packages\pyre_check\client\commands\start.py", line 311, in create_server_arguments
    source_paths = backend_arguments.get_source_path_for_server(
        configuration,
    ...<3 lines>...
        watchman_root,
    )
  File "C:\Users\Esteban\AppData\Local\nvim-data\mason\packages\pyre\venv\Lib\site-packages\pyre_check\client\backend_arguments.py", line 418, in get_source_path_for_server
    return get_source_path(
        configuration,
    ...<4 lines>...
        watchman_root,
    )
  File "C:\Users\Esteban\AppData\Local\nvim-data\mason\packages\pyre\venv\Lib\site-packages\pyre_check\client\backend_arguments.py", line 397, in get_source_path
    raise configuration_module.InvalidConfiguration(
    ...<2 lines>...
    )
pyre_check.client.configuration.exceptions.InvalidConfiguration: Invalid configuration: Cannot find any source files to analyze. Either `source_directories` or `targets` must be specified.
2026-09-28 02:21:48,010 [PID 30616] DEBUG Using proactor: IocpProactor
2026-09-28 02:21:48,012 [PID 30616] INFO Reading Pyre server configurations...
2026-09-28 02:21:48,019 [PID 30616] ERROR Uncaught error in persistent.run
Traceback (most recent call last):
  File "C:\Users\Esteban\AppData\Local\nvim-data\mason\packages\pyre\venv\Lib\site-packages\pyre_check\client\commands\persistent.py", line 299, in run
    return asyncio.get_event_loop().run_until_complete(
           ~~~~~~~~~~~~~~~~~~~~~~~~~~~~~~~~~~~~~~~~~~~^
        run_persistent(
        ^^^^^^^^^^^^^^^
    ...<2 lines>...
        )
        ^
    )
    ^
  File "C:\Users\Esteban\AppData\Local\Programs\Python\Python313\Lib\asyncio\base_events.py", line 726, in run_until_complete
    return future.result()
           ~~~~~~~~~~~~~^^
  File "C:\Users\Esteban\AppData\Local\nvim-data\mason\packages\pyre\venv\Lib\site-packages\pyre_check\client\commands\persistent.py", line 224, in run_persistent
    initial_server_options = pyre_server_options.read_server_options(
        server_options_reader, remote_logging
    )
  File "C:\Users\Esteban\AppData\Local\nvim-data\mason\packages\pyre\venv\Lib\site-packages\pyre_check\client\commands\pyre_server_options.py", line 129, in read_server_options
    return server_options_reader()
  File "C:\Users\Esteban\AppData\Local\nvim-data\mason\packages\pyre\venv\Lib\site-packages\pyre_check\client\commands\pyre_server_options.py", line 114, in read
    return PyreServerOptions.create(
           ~~~~~~~~~~~~~~~~~~~~~~~~^
        start_command_argument=start_command_argument,
        ^^^^^^^^^^^^^^^^^^^^^^^^^^^^^^^^^^^^^^^^^^^^^^
        configuration=read_frontend_configuration(),
        ^^^^^^^^^^^^^^^^^^^^^^^^^^^^^^^^^^^^^^^^^^^^
        language_server_features=language_server_features,
        ^^^^^^^^^^^^^^^^^^^^^^^^^^^^^^^^^^^^^^^^^^^^^^^^^^
    )
    ^
  File "C:\Users\Esteban\AppData\Local\nvim-data\mason\packages\pyre\venv\Lib\site-packages\pyre_check\client\commands\pyre_server_options.py", line 93, in create
    start_arguments = start.create_server_arguments(
        configuration,
        start_command_argument,
        False,  # kill_buck_after_build
    )
  File "C:\Users\Esteban\AppData\Local\nvim-data\mason\packages\pyre\venv\Lib\site-packages\pyre_check\client\commands\start.py", line 311, in create_server_arguments
    source_paths = backend_arguments.get_source_path_for_server(
        configuration,
    ...<3 lines>...
        watchman_root,
    )
  File "C:\Users\Esteban\AppData\Local\nvim-data\mason\packages\pyre\venv\Lib\site-packages\pyre_check\client\backend_arguments.py", line 418, in get_source_path_for_server
    return get_source_path(
        configuration,
    ...<4 lines>...
        watchman_root,
    )
  File "C:\Users\Esteban\AppData\Local\nvim-data\mason\packages\pyre\venv\Lib\site-packages\pyre_check\client\backend_arguments.py", line 397, in get_source_path
    raise configuration_module.InvalidConfiguration(
    ...<2 lines>...
    )
pyre_check.client.configuration.exceptions.InvalidConfiguration: Invalid configuration: Cannot find any source files to analyze. Either `source_directories` or `targets` must be specified.
2026-09-28 18:46:31,851 [PID 25784] DEBUG Using proactor: IocpProactor
2026-09-28 18:46:31,853 [PID 25784] INFO Reading Pyre server configurations...
2026-09-28 18:46:31,876 [PID 25784] ERROR Uncaught error in persistent.run
Traceback (most recent call last):
  File "C:\Users\Esteban\AppData\Local\nvim-data\mason\packages\pyre\venv\Lib\site-packages\pyre_check\client\commands\persistent.py", line 299, in run
    return asyncio.get_event_loop().run_until_complete(
           ~~~~~~~~~~~~~~~~~~~~~~~~~~~~~~~~~~~~~~~~~~~^
        run_persistent(
        ^^^^^^^^^^^^^^^
    ...<2 lines>...
        )
        ^
    )
    ^
  File "C:\Users\Esteban\AppData\Local\Programs\Python\Python313\Lib\asyncio\base_events.py", line 726, in run_until_complete
    return future.result()
           ~~~~~~~~~~~~~^^
  File "C:\Users\Esteban\AppData\Local\nvim-data\mason\packages\pyre\venv\Lib\site-packages\pyre_check\client\commands\persistent.py", line 224, in run_persistent
    initial_server_options = pyre_server_options.read_server_options(
        server_options_reader, remote_logging
    )
  File "C:\Users\Esteban\AppData\Local\nvim-data\mason\packages\pyre\venv\Lib\site-packages\pyre_check\client\commands\pyre_server_options.py", line 129, in read_server_options
    return server_options_reader()
  File "C:\Users\Esteban\AppData\Local\nvim-data\mason\packages\pyre\venv\Lib\site-packages\pyre_check\client\commands\pyre_server_options.py", line 114, in read
    return PyreServerOptions.create(
           ~~~~~~~~~~~~~~~~~~~~~~~~^
        start_command_argument=start_command_argument,
        ^^^^^^^^^^^^^^^^^^^^^^^^^^^^^^^^^^^^^^^^^^^^^^
        configuration=read_frontend_configuration(),
        ^^^^^^^^^^^^^^^^^^^^^^^^^^^^^^^^^^^^^^^^^^^^
        language_server_features=language_server_features,
        ^^^^^^^^^^^^^^^^^^^^^^^^^^^^^^^^^^^^^^^^^^^^^^^^^^
    )
    ^
  File "C:\Users\Esteban\AppData\Local\nvim-data\mason\packages\pyre\venv\Lib\site-packages\pyre_check\client\commands\pyre_server_options.py", line 93, in create
    start_arguments = start.create_server_arguments(
        configuration,
        start_command_argument,
        False,  # kill_buck_after_build
    )
  File "C:\Users\Esteban\AppData\Local\nvim-data\mason\packages\pyre\venv\Lib\site-packages\pyre_check\client\commands\start.py", line 311, in create_server_arguments
    source_paths = backend_arguments.get_source_path_for_server(
        configuration,
    ...<3 lines>...
        watchman_root,
    )
  File "C:\Users\Esteban\AppData\Local\nvim-data\mason\packages\pyre\venv\Lib\site-packages\pyre_check\client\backend_arguments.py", line 418, in get_source_path_for_server
    return get_source_path(
        configuration,
    ...<4 lines>...
        watchman_root,
    )
  File "C:\Users\Esteban\AppData\Local\nvim-data\mason\packages\pyre\venv\Lib\site-packages\pyre_check\client\backend_arguments.py", line 397, in get_source_path
    raise configuration_module.InvalidConfiguration(
    ...<2 lines>...
    )
pyre_check.client.configuration.exceptions.InvalidConfiguration: Invalid configuration: Cannot find any source files to analyze. Either `source_directories` or `targets` must be specified.
2026-09-28 18:46:34,900 [PID 29088] DEBUG Using proactor: IocpProactor
2026-09-28 18:46:34,903 [PID 29088] INFO Reading Pyre server configurations...
2026-09-28 18:46:34,909 [PID 29088] ERROR Uncaught error in persistent.run
Traceback (most recent call last):
  File "C:\Users\Esteban\AppData\Local\nvim-data\mason\packages\pyre\venv\Lib\site-packages\pyre_check\client\commands\persistent.py", line 299, in run
    return asyncio.get_event_loop().run_until_complete(
           ~~~~~~~~~~~~~~~~~~~~~~~~~~~~~~~~~~~~~~~~~~~^
        run_persistent(
        ^^^^^^^^^^^^^^^
    ...<2 lines>...
        )
        ^
    )
    ^
  File "C:\Users\Esteban\AppData\Local\Programs\Python\Python313\Lib\asyncio\base_events.py", line 726, in run_until_complete
    return future.result()
           ~~~~~~~~~~~~~^^
  File "C:\Users\Esteban\AppData\Local\nvim-data\mason\packages\pyre\venv\Lib\site-packages\pyre_check\client\commands\persistent.py", line 224, in run_persistent
    initial_server_options = pyre_server_options.read_server_options(
        server_options_reader, remote_logging
    )
  File "C:\Users\Esteban\AppData\Local\nvim-data\mason\packages\pyre\venv\Lib\site-packages\pyre_check\client\commands\pyre_server_options.py", line 129, in read_server_options
    return server_options_reader()
  File "C:\Users\Esteban\AppData\Local\nvim-data\mason\packages\pyre\venv\Lib\site-packages\pyre_check\client\commands\pyre_server_options.py", line 114, in read
    return PyreServerOptions.create(
           ~~~~~~~~~~~~~~~~~~~~~~~~^
        start_command_argument=start_command_argument,
        ^^^^^^^^^^^^^^^^^^^^^^^^^^^^^^^^^^^^^^^^^^^^^^
        configuration=read_frontend_configuration(),
        ^^^^^^^^^^^^^^^^^^^^^^^^^^^^^^^^^^^^^^^^^^^^
        language_server_features=language_server_features,
        ^^^^^^^^^^^^^^^^^^^^^^^^^^^^^^^^^^^^^^^^^^^^^^^^^^
    )
    ^
  File "C:\Users\Esteban\AppData\Local\nvim-data\mason\packages\pyre\venv\Lib\site-packages\pyre_check\client\commands\pyre_server_options.py", line 93, in create
    start_arguments = start.create_server_arguments(
        configuration,
        start_command_argument,
        False,  # kill_buck_after_build
    )
  File "C:\Users\Esteban\AppData\Local\nvim-data\mason\packages\pyre\venv\Lib\site-packages\pyre_check\client\commands\start.py", line 311, in create_server_arguments
    source_paths = backend_arguments.get_source_path_for_server(
        configuration,
    ...<3 lines>...
        watchman_root,
    )
  File "C:\Users\Esteban\AppData\Local\nvim-data\mason\packages\pyre\venv\Lib\site-packages\pyre_check\client\backend_arguments.py", line 418, in get_source_path_for_server
    return get_source_path(
        configuration,
    ...<4 lines>...
        watchman_root,
    )
  File "C:\Users\Esteban\AppData\Local\nvim-data\mason\packages\pyre\venv\Lib\site-packages\pyre_check\client\backend_arguments.py", line 397, in get_source_path
    raise configuration_module.InvalidConfiguration(
    ...<2 lines>...
    )
pyre_check.client.configuration.exceptions.InvalidConfiguration: Invalid configuration: Cannot find any source files to analyze. Either `source_directories` or `targets` must be specified.
2026-09-28 22:15:20,445 [PID 25872] DEBUG Using proactor: IocpProactor
2026-09-28 22:15:20,446 [PID 25872] INFO Reading Pyre server configurations...
2026-09-28 22:15:20,452 [PID 25872] ERROR Uncaught error in persistent.run
Traceback (most recent call last):
  File "C:\Users\Esteban\AppData\Local\nvim-data\mason\packages\pyre\venv\Lib\site-packages\pyre_check\client\commands\persistent.py", line 299, in run
    return asyncio.get_event_loop().run_until_complete(
           ~~~~~~~~~~~~~~~~~~~~~~~~~~~~~~~~~~~~~~~~~~~^
        run_persistent(
        ^^^^^^^^^^^^^^^
    ...<2 lines>...
        )
        ^
    )
    ^
  File "C:\Users\Esteban\AppData\Local\Programs\Python\Python313\Lib\asyncio\base_events.py", line 726, in run_until_complete
    return future.result()
           ~~~~~~~~~~~~~^^
  File "C:\Users\Esteban\AppData\Local\nvim-data\mason\packages\pyre\venv\Lib\site-packages\pyre_check\client\commands\persistent.py", line 224, in run_persistent
    initial_server_options = pyre_server_options.read_server_options(
        server_options_reader, remote_logging
    )
  File "C:\Users\Esteban\AppData\Local\nvim-data\mason\packages\pyre\venv\Lib\site-packages\pyre_check\client\commands\pyre_server_options.py", line 129, in read_server_options
    return server_options_reader()
  File "C:\Users\Esteban\AppData\Local\nvim-data\mason\packages\pyre\venv\Lib\site-packages\pyre_check\client\commands\pyre_server_options.py", line 114, in read
    return PyreServerOptions.create(
           ~~~~~~~~~~~~~~~~~~~~~~~~^
        start_command_argument=start_command_argument,
        ^^^^^^^^^^^^^^^^^^^^^^^^^^^^^^^^^^^^^^^^^^^^^^
        configuration=read_frontend_configuration(),
        ^^^^^^^^^^^^^^^^^^^^^^^^^^^^^^^^^^^^^^^^^^^^
        language_server_features=language_server_features,
        ^^^^^^^^^^^^^^^^^^^^^^^^^^^^^^^^^^^^^^^^^^^^^^^^^^
    )
    ^
  File "C:\Users\Esteban\AppData\Local\nvim-data\mason\packages\pyre\venv\Lib\site-packages\pyre_check\client\commands\pyre_server_options.py", line 93, in create
    start_arguments = start.create_server_arguments(
        configuration,
        start_command_argument,
        False,  # kill_buck_after_build
    )
  File "C:\Users\Esteban\AppData\Local\nvim-data\mason\packages\pyre\venv\Lib\site-packages\pyre_check\client\commands\start.py", line 311, in create_server_arguments
    source_paths = backend_arguments.get_source_path_for_server(
        configuration,
    ...<3 lines>...
        watchman_root,
    )
  File "C:\Users\Esteban\AppData\Local\nvim-data\mason\packages\pyre\venv\Lib\site-packages\pyre_check\client\backend_arguments.py", line 418, in get_source_path_for_server
    return get_source_path(
        configuration,
    ...<4 lines>...
        watchman_root,
    )
  File "C:\Users\Esteban\AppData\Local\nvim-data\mason\packages\pyre\venv\Lib\site-packages\pyre_check\client\backend_arguments.py", line 397, in get_source_path
    raise configuration_module.InvalidConfiguration(
    ...<2 lines>...
    )
pyre_check.client.configuration.exceptions.InvalidConfiguration: Invalid configuration: Cannot find any source files to analyze. Either `source_directories` or `targets` must be specified.
